http://www.sabah.com.tr/multimedya/galeri/magazin/beren-saat-nefes-kesti?albumId=48895
http://www.sabah.com.tr/multimedya/galeri/magazin/unlulerin-objektifinden--16072013?albumId=48920
http://www.sabah.com.tr/multimedya/galeri/magazin/lady-gaga-sutyenle-sokaga-cikti?albumId=48931
http://www.sabah.com.tr/multimedya/galeri/magazin/beren-saat-nefes-kesti?albumId=48895
http://www.sabah.com.tr/multimedya/galeri/magazin/unlulerin-objektifinden--15072013?albumId=48888
http://www.sabah.com.tr/multimedya/galeri/magazin/unlulerin-objektifinden--14072013?albumId=48882
http://www.sabah.com.tr/multimedya/galeri/magazin/unlulerin-objektifinden--13072013?albumId=48880
http://www.sabah.com.tr/multimedya/galeri/magazin/unlulerin-objektifinden--12072013?albumId=48861
http://www.sabah.com.tr/multimedya/galeri/magazin/unlulerin-objektifinden--11072013?albumId=48840
http://www.sabah.com.tr/multimedya/galeri/magazin/keremcem-ile-arkadasim-dedigi-seda-guven-dudak-dudaga?albumId=48833
http://www.sabah.com.tr/multimedya/galeri/magazin/unlulerin-objektifinden--10072013?albumId=48808
http://www.sabah.com.tr/multimedya/galeri/magazin/unlulerin-objektifinden--09072013?albumId=48790
http://www.sabah.com.tr/multimedya/galeri/magazin/unlulerin-objektifinden--08072013?albumId=48779
http://www.sabah.com.tr/fotohaber/magazin/unlulerin_ilk_evlilikleri_630135365905?albumId=15559
http://www.sabah.com.tr/fotohaber/magazin/unlulerin_aile_trajedileri?albumId=18712
http://www.sabah.com.tr/multimedya/galeri/magazin/unlulerin-objektifinden--07072013?albumId=48776
http://www.sabah.com.tr/multimedya/galeri/magazin/hayranlarini-hayal-kirikligina-ugratti?albumId=48769
http://www.sabah.com.tr/multimedya/galeri/magazin/esra-erol-oglu-ile-tatilde?albumId=48771
http://www.sabah.com.tr/multimedya/galeri/magazin/unlulerin-objektifinden--06072013?albumId=48765
http://www.sabah.com.tr/multimedya/galeri/magazin/unlulerin-objektifinden--05072013?albumId=48750
